{
  "functions" : [ {
    "blocks" : [ {
      "instructions" : [ {
        "kind" : "LLVMStore",
        "operands" : [ {
          "kind" : "LLVMConstantIntValueKind"
        }, {
          "kind" : "LLVMGlobalVariableValueKind"
        } ]
      }, {
        "kind" : "LLVMRet"
      } ]
    } ],
    "entryBlockIndex" : 0
  }, {
    "blocks" : [ {
      "instructions" : [ {
        "kind" : "LLVMStore",
        "operands" : [ {
          "kind" : "LLVMConstantPointerNullValueKind"
        }, {
          "kind" : "LLVMGlobalVariableValueKind"
        } ]
      }, {
        "kind" : "LLVMRet"
      } ]
    } ],
    "entryBlockIndex" : 0
  } ]
}