{
  "functions" : [ {
    "blocks" : [ {
      "instructions" : [ {
        "kind" : "LLVMAlloca",
        "operands" : [ {
          "kind" : "LLVMConstantIntValueKind"
        } ]
      }, {
        "kind" : "LLVMStore",
        "operands" : [ {
          "kind" : "LLVMArgumentValueKind"
        }, {
          "kind" : "LLVMInstructionValueKind"
        } ]
      }, {
        "kind" : "LLVMCall",
        "operands" : [ {
          "kind" : "LLVMMetadataAsValueValueKind"
        }, {
          "kind" : "LLVMMetadataAsValueValueKind"
        }, {
          "kind" : "LLVMFunctionValueKind"
        } ]
      }, {
        "kind" : "LLVMRet",
        "operands" : [ ]
      } ]
    } ],
    "entryBlockIndex" : 0
  } ]
}