{
  "functions" : [ {
    "ref" : {
      "kind" : "Global",
      "index" : 0
    },
    "blocks" : [ {
      "instructions" : [ {
        "kind" : "LLVMAlloca",
        "operands" : [ {
          "kind" : "LLVMConstantIntValueKind",
          "typeId" : 3
        } ]
      }, {
        "kind" : "LLVMCall",
        "operands" : [ {
          "kind" : "LLVMMetadataAsValueValueKind",
          "typeId" : 4
        }, {
          "kind" : "LLVMMetadataAsValueValueKind",
          "typeId" : 4
        }, {
          "kind" : "LLVMMetadataAsValueValueKind",
          "typeId" : 4
        }, {
          "kind" : "LLVMFunctionValueKind",
          "name" : "llvm.dbg.declare",
          "typeId" : 5
        } ]
      }, {
        "kind" : "LLVMStore",
        "operands" : [ {
          "kind" : "LLVMConstantIntValueKind",
          "typeId" : 3
        }, {
          "kind" : "LLVMInstructionValueKind",
          "typeId" : 7
        } ]
      }, {
        "kind" : "LLVMRet"
      } ]
    } ],
    "entryBlockIndex" : 0
  }, {
    "ref" : {
      "kind" : "Global",
      "index" : 1
    },
    "blocks" : [ {
      "instructions" : [ {
        "kind" : "LLVMStore",
        "operands" : [ {
          "kind" : "LLVMConstantIntValueKind",
          "typeId" : 3
        }, {
          "kind" : "LLVMGlobalVariableValueKind",
          "name" : "localStatic.a",
          "typeId" : 7
        } ]
      }, {
        "kind" : "LLVMRet"
      } ]
    } ],
    "entryBlockIndex" : 0
  }, {
    "ref" : {
      "kind" : "Global",
      "index" : 2
    },
    "blocks" : [ {
      "instructions" : [ {
        "kind" : "LLVMStore",
        "operands" : [ {
          "kind" : "LLVMConstantIntValueKind",
          "typeId" : 3
        }, {
          "kind" : "LLVMConstantExprValueKind",
          "typeId" : 7
        } ]
      }, {
        "kind" : "LLVMStore",
        "operands" : [ {
          "kind" : "LLVMConstantIntValueKind",
          "typeId" : 3
        }, {
          "kind" : "LLVMConstantExprValueKind",
          "typeId" : 7
        } ]
      }, {
        "kind" : "LLVMRet"
      } ]
    } ],
    "entryBlockIndex" : 0
  }, {
    "ref" : {
      "kind" : "Global",
      "index" : 3
    },
    "blocks" : [ {
      "instructions" : [ {
        "kind" : "LLVMStore",
        "operands" : [ {
          "kind" : "LLVMConstantIntValueKind",
          "typeId" : 3
        }, {
          "kind" : "LLVMConstantExprValueKind",
          "typeId" : 7
        } ]
      }, {
        "kind" : "LLVMRet"
      } ]
    } ],
    "entryBlockIndex" : 0
  }, {
    "ref" : {
      "kind" : "Global",
      "index" : 4
    },
    "blocks" : [ {
      "instructions" : [ {
        "kind" : "LLVMLoad",
        "operands" : [ {
          "kind" : "LLVMGlobalVariableValueKind",
          "name" : "PTR",
          "typeId" : 8
        } ]
      }, {
        "kind" : "LLVMGetElementPtr",
        "operands" : [ {
          "kind" : "LLVMInstructionValueKind",
          "typeId" : 7
        }, {
          "kind" : "LLVMConstantIntValueKind",
          "typeId" : 9
        } ]
      }, {
        "kind" : "LLVMStore",
        "operands" : [ {
          "kind" : "LLVMConstantIntValueKind",
          "typeId" : 3
        }, {
          "kind" : "LLVMInstructionValueKind",
          "typeId" : 7
        } ]
      }, {
        "kind" : "LLVMLoad",
        "operands" : [ {
          "kind" : "LLVMGlobalVariableValueKind",
          "name" : "PTR",
          "typeId" : 8
        } ]
      }, {
        "kind" : "LLVMGetElementPtr",
        "operands" : [ {
          "kind" : "LLVMInstructionValueKind",
          "typeId" : 7
        }, {
          "kind" : "LLVMConstantIntValueKind",
          "typeId" : 9
        } ]
      }, {
        "kind" : "LLVMStore",
        "operands" : [ {
          "kind" : "LLVMConstantIntValueKind",
          "typeId" : 3
        }, {
          "kind" : "LLVMInstructionValueKind",
          "typeId" : 7
        } ]
      }, {
        "kind" : "LLVMRet"
      } ]
    } ],
    "entryBlockIndex" : 0
  }, {
    "ref" : {
      "kind" : "Global",
      "index" : 5
    },
    "blocks" : [ {
      "instructions" : [ {
        "kind" : "LLVMLoad",
        "operands" : [ {
          "kind" : "LLVMGlobalVariableValueKind",
          "name" : "PTR",
          "typeId" : 8
        } ]
      }, {
        "kind" : "LLVMStore",
        "operands" : [ {
          "kind" : "LLVMConstantIntValueKind",
          "typeId" : 3
        }, {
          "kind" : "LLVMInstructionValueKind",
          "typeId" : 7
        } ]
      }, {
        "kind" : "LLVMRet"
      } ]
    } ],
    "entryBlockIndex" : 0
  }, {
    "ref" : {
      "kind" : "Global",
      "index" : 6
    },
    "blocks" : [ {
      "instructions" : [ {
        "kind" : "LLVMStore",
        "operands" : [ {
          "kind" : "LLVMConstantIntValueKind",
          "typeId" : 3
        }, {
          "kind" : "LLVMConstantExprValueKind",
          "typeId" : 7
        } ]
      }, {
        "kind" : "LLVMRet"
      } ]
    } ],
    "entryBlockIndex" : 0
  }, {
    "ref" : {
      "kind" : "Global",
      "index" : 7
    },
    "blocks" : [ {
      "instructions" : [ {
        "kind" : "LLVMLoad",
        "operands" : [ {
          "kind" : "LLVMGlobalVariableValueKind",
          "name" : "PTR_STRUCT",
          "typeId" : 10
        } ]
      }, {
        "kind" : "LLVMGetElementPtr",
        "operands" : [ {
          "kind" : "LLVMInstructionValueKind",
          "typeId" : 11
        }, {
          "kind" : "LLVMConstantIntValueKind",
          "typeId" : 3
        }, {
          "kind" : "LLVMConstantIntValueKind",
          "typeId" : 3
        } ]
      }, {
        "kind" : "LLVMStore",
        "operands" : [ {
          "kind" : "LLVMConstantIntValueKind",
          "typeId" : 3
        }, {
          "kind" : "LLVMInstructionValueKind",
          "typeId" : 7
        } ]
      }, {
        "kind" : "LLVMLoad",
        "operands" : [ {
          "kind" : "LLVMGlobalVariableValueKind",
          "name" : "PTR_STRUCT",
          "typeId" : 10
        } ]
      }, {
        "kind" : "LLVMGetElementPtr",
        "operands" : [ {
          "kind" : "LLVMInstructionValueKind",
          "typeId" : 11
        }, {
          "kind" : "LLVMConstantIntValueKind",
          "typeId" : 3
        }, {
          "kind" : "LLVMConstantIntValueKind",
          "typeId" : 3
        } ]
      }, {
        "kind" : "LLVMStore",
        "operands" : [ {
          "kind" : "LLVMConstantIntValueKind",
          "typeId" : 3
        }, {
          "kind" : "LLVMInstructionValueKind",
          "typeId" : 7
        } ]
      }, {
        "kind" : "LLVMRet"
      } ]
    } ],
    "entryBlockIndex" : 0
  } ],
  "types" : [ {
    "kind" : "LLVMPointerTypeKind",
    "types" : [ 1 ]
  }, {
    "kind" : "LLVMFunctionTypeKind",
    "types" : [ 2 ]
  }, {
    "kind" : "LLVMVoidTypeKind"
  }, {
    "kind" : "LLVMIntegerTypeKind",
    "len" : 32
  }, {
    "kind" : "LLVMMetadataTypeKind"
  }, {
    "kind" : "LLVMPointerTypeKind",
    "types" : [ 6 ]
  }, {
    "kind" : "LLVMFunctionTypeKind",
    "types" : [ 2, 4, 4, 4 ]
  }, {
    "kind" : "LLVMPointerTypeKind",
    "types" : [ 3 ]
  }, {
    "kind" : "LLVMPointerTypeKind",
    "types" : [ 7 ]
  }, {
    "kind" : "LLVMIntegerTypeKind",
    "len" : 64
  }, {
    "kind" : "LLVMPointerTypeKind",
    "types" : [ 11 ]
  }, {
    "kind" : "LLVMPointerTypeKind",
    "types" : [ 12 ]
  }, {
    "kind" : "LLVMStructTypeKind",
    "name" : "struct.anon",
    "types" : [ 3 ]
  } ]
}