{
  "functions" : [ {
    "ref" : {
      "kind" : "Global",
      "index" : 0
    },
    "blocks" : [ {
      "instructions" : [ {
        "kind" : "LLVMCall",
        "typeId" : 3,
        "operands" : [ {
          "kind" : "Global",
          "index" : 1
        }, {
          "kind" : "Global",
          "index" : 2
        } ],
        "sourceRef" : 0
      }, {
        "kind" : "LLVMBitCast",
        "typeId" : 8,
        "operands" : [ {
          "kind" : "Instruction",
          "index" : 0
        } ],
        "sourceRef" : 0
      }, {
        "kind" : "LLVMStore",
        "typeId" : 2,
        "operands" : [ {
          "kind" : "Instruction",
          "index" : 1
        }, {
          "kind" : "Global",
          "index" : 4
        } ],
        "sourceRef" : 0
      }, {
        "kind" : "LLVMCall",
        "typeId" : 3,
        "operands" : [ {
          "kind" : "Global",
          "index" : 5
        }, {
          "kind" : "Global",
          "index" : 6
        } ],
        "sourceRef" : 1
      }, {
        "kind" : "LLVMBitCast",
        "typeId" : 8,
        "operands" : [ {
          "kind" : "Instruction",
          "index" : 3
        } ],
        "sourceRef" : 1
      }, {
        "kind" : "LLVMStore",
        "typeId" : 2,
        "operands" : [ {
          "kind" : "Instruction",
          "index" : 4
        }, {
          "kind" : "Global",
          "index" : 7
        } ],
        "sourceRef" : 1
      }, {
        "kind" : "LLVMCall",
        "typeId" : 3,
        "operands" : [ {
          "kind" : "Global",
          "index" : 1
        }, {
          "kind" : "Global",
          "index" : 2
        } ],
        "sourceRef" : 2
      }, {
        "kind" : "LLVMBitCast",
        "typeId" : 8,
        "operands" : [ {
          "kind" : "Instruction",
          "index" : 6
        } ],
        "sourceRef" : 2
      }, {
        "kind" : "LLVMStore",
        "typeId" : 2,
        "operands" : [ {
          "kind" : "Global",
          "index" : 8
        }, {
          "kind" : "Instruction",
          "index" : 7
        } ],
        "sourceRef" : 2
      }, {
        "kind" : "LLVMStore",
        "typeId" : 2,
        "operands" : [ {
          "kind" : "Instruction",
          "index" : 7
        }, {
          "kind" : "Global",
          "index" : 9
        } ],
        "sourceRef" : 2
      }, {
        "kind" : "LLVMRet",
        "typeId" : 2,
        "sourceRef" : 3
      } ]
    } ],
    "entryBlockIndex" : 0
  }, {
    "ref" : {
      "kind" : "Global",
      "index" : 10
    },
    "blocks" : [ {
      "instructions" : [ {
        "kind" : "LLVMLoad",
        "typeId" : 8,
        "operands" : [ {
          "kind" : "Global",
          "index" : 4
        } ],
        "sourceRef" : 4
      }, {
        "kind" : "LLVMICmp",
        "typeId" : 11,
        "operands" : [ {
          "kind" : "Instruction",
          "index" : 0
        }, {
          "kind" : "Global",
          "index" : 3
        } ],
        "sourceRef" : 4
      }, {
        "kind" : "LLVMBr",
        "typeId" : 2,
        "operands" : [ {
          "kind" : "Instruction",
          "index" : 1
        }, {
          "kind" : "Block",
          "index" : -1
        }, {
          "kind" : "Block",
          "index" : -1
        } ],
        "sourceRef" : 4
      } ]
    }, {
      "instructions" : [ {
        "kind" : "LLVMBitCast",
        "typeId" : 3,
        "operands" : [ {
          "kind" : "Instruction",
          "index" : -1
        } ],
        "sourceRef" : 4
      }, {
        "kind" : "LLVMCall",
        "typeId" : 2,
        "operands" : [ {
          "kind" : "Instruction",
          "index" : 0
        }, {
          "kind" : "Global",
          "index" : 11
        } ],
        "sourceRef" : 4
      }, {
        "kind" : "LLVMBr",
        "typeId" : 2,
        "operands" : [ {
          "kind" : "Block",
          "index" : -1
        } ],
        "sourceRef" : 4
      } ]
    }, {
      "instructions" : [ {
        "kind" : "LLVMLoad",
        "typeId" : 8,
        "operands" : [ {
          "kind" : "Global",
          "index" : 7
        } ],
        "sourceRef" : 5
      }, {
        "kind" : "LLVMICmp",
        "typeId" : 11,
        "operands" : [ {
          "kind" : "Instruction",
          "index" : 0
        }, {
          "kind" : "Global",
          "index" : 3
        } ],
        "sourceRef" : 5
      }, {
        "kind" : "LLVMBr",
        "typeId" : 2,
        "operands" : [ {
          "kind" : "Instruction",
          "index" : 1
        }, {
          "kind" : "Block",
          "index" : -1
        }, {
          "kind" : "Block",
          "index" : -1
        } ],
        "sourceRef" : 5
      } ]
    }, {
      "instructions" : [ {
        "kind" : "LLVMBitCast",
        "typeId" : 3,
        "operands" : [ {
          "kind" : "Instruction",
          "index" : -1
        } ],
        "sourceRef" : 5
      }, {
        "kind" : "LLVMCall",
        "typeId" : 2,
        "operands" : [ {
          "kind" : "Instruction",
          "index" : 0
        }, {
          "kind" : "Global",
          "index" : 12
        } ],
        "sourceRef" : 5
      }, {
        "kind" : "LLVMBr",
        "typeId" : 2,
        "operands" : [ {
          "kind" : "Block",
          "index" : -1
        } ],
        "sourceRef" : 5
      } ]
    }, {
      "instructions" : [ {
        "kind" : "LLVMRet",
        "typeId" : 2,
        "sourceRef" : 6
      } ]
    } ],
    "entryBlockIndex" : 0
  }, {
    "ref" : {
      "kind" : "Global",
      "index" : 13
    },
    "blocks" : [ {
      "instructions" : [ {
        "kind" : "LLVMAlloca",
        "typeId" : 14,
        "operands" : [ {
          "kind" : "Global",
          "index" : 14
        } ]
      }, {
        "kind" : "LLVMAlloca",
        "typeId" : 8,
        "operands" : [ {
          "kind" : "Global",
          "index" : 14
        } ]
      }, {
        "kind" : "LLVMCall",
        "typeId" : 3,
        "operands" : [ {
          "kind" : "Global",
          "index" : 15
        }, {
          "kind" : "Global",
          "index" : 2
        } ],
        "sourceRef" : 7
      }, {
        "kind" : "LLVMBitCast",
        "typeId" : 15,
        "operands" : [ {
          "kind" : "Instruction",
          "index" : 2
        } ],
        "sourceRef" : 7
      }, {
        "kind" : "LLVMInvoke",
        "typeId" : 2,
        "operands" : [ {
          "kind" : "Instruction",
          "index" : 3
        }, {
          "kind" : "Global",
          "index" : 16
        }, {
          "kind" : "Block",
          "index" : -1
        }, {
          "kind" : "Block",
          "index" : -1
        } ],
        "sourceRef" : 7
      } ]
    }, {
      "instructions" : [ {
        "kind" : "LLVMStore",
        "typeId" : 2,
        "operands" : [ {
          "kind" : "Instruction",
          "index" : -1
        }, {
          "kind" : "Global",
          "index" : 18
        } ],
        "sourceRef" : 7
      }, {
        "kind" : "LLVMCall",
        "typeId" : 3,
        "operands" : [ {
          "kind" : "Global",
          "index" : 19
        }, {
          "kind" : "Global",
          "index" : 6
        } ],
        "sourceRef" : 8
      }, {
        "kind" : "LLVMBitCast",
        "typeId" : 20,
        "operands" : [ {
          "kind" : "Instruction",
          "index" : 1
        } ],
        "sourceRef" : 8
      }, {
        "kind" : "LLVMStore",
        "typeId" : 2,
        "operands" : [ {
          "kind" : "Global",
          "index" : 20
        }, {
          "kind" : "Instruction",
          "index" : 2
        } ],
        "sourceRef" : 8
      }, {
        "kind" : "LLVMGetElementPtr",
        "typeId" : 3,
        "operands" : [ {
          "kind" : "Instruction",
          "index" : 1
        }, {
          "kind" : "Global",
          "index" : 21
        } ],
        "sourceRef" : 8
      }, {
        "kind" : "LLVMBitCast",
        "typeId" : 15,
        "operands" : [ {
          "kind" : "Instruction",
          "index" : 4
        } ],
        "sourceRef" : 8
      }, {
        "kind" : "LLVMGetElementPtr",
        "typeId" : 15,
        "operands" : [ {
          "kind" : "Instruction",
          "index" : 5
        }, {
          "kind" : "Global",
          "index" : 20
        } ],
        "sourceRef" : 8
      }, {
        "kind" : "LLVMBr",
        "typeId" : 2,
        "operands" : [ {
          "kind" : "Block",
          "index" : -1
        } ],
        "sourceRef" : 8
      } ]
    }, {
      "instructions" : [ {
        "kind" : "LLVMPHI",
        "typeId" : 15,
        "operands" : [ {
          "kind" : "Instruction",
          "index" : -1
        }, {
          "kind" : "Instruction",
          "index" : -1
        } ],
        "sourceRef" : 8
      }, {
        "kind" : "LLVMInvoke",
        "typeId" : 2,
        "operands" : [ {
          "kind" : "Instruction",
          "index" : 0
        }, {
          "kind" : "Global",
          "index" : 16
        }, {
          "kind" : "Block",
          "index" : -1
        }, {
          "kind" : "Block",
          "index" : -1
        } ],
        "sourceRef" : 8
      } ]
    }, {
      "instructions" : [ {
        "kind" : "LLVMGetElementPtr",
        "typeId" : 15,
        "operands" : [ {
          "kind" : "Instruction",
          "index" : -1
        }, {
          "kind" : "Global",
          "index" : 15
        } ],
        "sourceRef" : 8
      }, {
        "kind" : "LLVMICmp",
        "typeId" : 11,
        "operands" : [ {
          "kind" : "Instruction",
          "index" : 0
        }, {
          "kind" : "Instruction",
          "index" : -1
        } ],
        "sourceRef" : 8
      }, {
        "kind" : "LLVMBr",
        "typeId" : 2,
        "operands" : [ {
          "kind" : "Instruction",
          "index" : 1
        }, {
          "kind" : "Block",
          "index" : 2
        }, {
          "kind" : "Block",
          "index" : -1
        } ],
        "sourceRef" : 8
      } ]
    }, {
      "instructions" : [ {
        "kind" : "LLVMStore",
        "typeId" : 2,
        "operands" : [ {
          "kind" : "Instruction",
          "index" : -1
        }, {
          "kind" : "Global",
          "index" : 22
        } ],
        "sourceRef" : 8
      }, {
        "kind" : "LLVMRet",
        "typeId" : 2,
        "sourceRef" : 9
      } ]
    }, {
      "instructions" : [ {
        "kind" : "LLVMLandingPad",
        "typeId" : 21,
        "sourceRef" : 9
      }, {
        "kind" : "LLVMExtractValue",
        "typeId" : 3,
        "operands" : [ {
          "kind" : "Instruction",
          "index" : 0
        } ],
        "sourceRef" : 9
      }, {
        "kind" : "LLVMStore",
        "typeId" : 2,
        "operands" : [ {
          "kind" : "Instruction",
          "index" : 1
        }, {
          "kind" : "Instruction",
          "index" : -1
        } ],
        "sourceRef" : 9
      }, {
        "kind" : "LLVMExtractValue",
        "typeId" : 9,
        "operands" : [ {
          "kind" : "Instruction",
          "index" : 0
        } ],
        "sourceRef" : 9
      }, {
        "kind" : "LLVMStore",
        "typeId" : 2,
        "operands" : [ {
          "kind" : "Instruction",
          "index" : 3
        }, {
          "kind" : "Instruction",
          "index" : -1
        } ],
        "sourceRef" : 9
      }, {
        "kind" : "LLVMCall",
        "typeId" : 2,
        "operands" : [ {
          "kind" : "Instruction",
          "index" : -1
        }, {
          "kind" : "Global",
          "index" : 11
        } ],
        "sourceRef" : 7
      }, {
        "kind" : "LLVMBr",
        "typeId" : 2,
        "operands" : [ {
          "kind" : "Block",
          "index" : -1
        } ],
        "sourceRef" : 7
      } ]
    }, {
      "instructions" : [ {
        "kind" : "LLVMLandingPad",
        "typeId" : 21,
        "sourceRef" : 9
      }, {
        "kind" : "LLVMExtractValue",
        "typeId" : 3,
        "operands" : [ {
          "kind" : "Instruction",
          "index" : 0
        } ],
        "sourceRef" : 9
      }, {
        "kind" : "LLVMStore",
        "typeId" : 2,
        "operands" : [ {
          "kind" : "Instruction",
          "index" : 1
        }, {
          "kind" : "Instruction",
          "index" : -1
        } ],
        "sourceRef" : 9
      }, {
        "kind" : "LLVMExtractValue",
        "typeId" : 9,
        "operands" : [ {
          "kind" : "Instruction",
          "index" : 0
        } ],
        "sourceRef" : 9
      }, {
        "kind" : "LLVMStore",
        "typeId" : 2,
        "operands" : [ {
          "kind" : "Instruction",
          "index" : 3
        }, {
          "kind" : "Instruction",
          "index" : -1
        } ],
        "sourceRef" : 9
      }, {
        "kind" : "LLVMICmp",
        "typeId" : 11,
        "operands" : [ {
          "kind" : "Instruction",
          "index" : -1
        }, {
          "kind" : "Instruction",
          "index" : -1
        } ],
        "sourceRef" : 8
      }, {
        "kind" : "LLVMBr",
        "typeId" : 2,
        "operands" : [ {
          "kind" : "Instruction",
          "index" : 5
        }, {
          "kind" : "Block",
          "index" : -1
        }, {
          "kind" : "Block",
          "index" : -1
        } ],
        "sourceRef" : 8
      } ]
    }, {
      "instructions" : [ {
        "kind" : "LLVMPHI",
        "typeId" : 15,
        "operands" : [ {
          "kind" : "Instruction",
          "index" : -1
        }, {
          "kind" : "Instruction",
          "index" : -1
        } ],
        "sourceRef" : 8
      }, {
        "kind" : "LLVMGetElementPtr",
        "typeId" : 15,
        "operands" : [ {
          "kind" : "Instruction",
          "index" : 0
        }, {
          "kind" : "Global",
          "index" : 23
        } ],
        "sourceRef" : 8
      }, {
        "kind" : "LLVMInvoke",
        "typeId" : 2,
        "operands" : [ {
          "kind" : "Instruction",
          "index" : 1
        }, {
          "kind" : "Global",
          "index" : 24
        }, {
          "kind" : "Block",
          "index" : -1
        }, {
          "kind" : "Block",
          "index" : -1
        } ],
        "sourceRef" : 8
      } ]
    }, {
      "instructions" : [ {
        "kind" : "LLVMICmp",
        "typeId" : 11,
        "operands" : [ {
          "kind" : "Instruction",
          "index" : -1
        }, {
          "kind" : "Instruction",
          "index" : -1
        } ],
        "sourceRef" : 8
      }, {
        "kind" : "LLVMBr",
        "typeId" : 2,
        "operands" : [ {
          "kind" : "Instruction",
          "index" : 0
        }, {
          "kind" : "Block",
          "index" : 7
        }, {
          "kind" : "Block",
          "index" : -1
        } ],
        "sourceRef" : 8
      } ]
    }, {
      "instructions" : [ {
        "kind" : "LLVMCall",
        "typeId" : 2,
        "operands" : [ {
          "kind" : "Instruction",
          "index" : -1
        }, {
          "kind" : "Global",
          "index" : 12
        } ],
        "sourceRef" : 8
      }, {
        "kind" : "LLVMBr",
        "typeId" : 2,
        "operands" : [ {
          "kind" : "Block",
          "index" : -1
        } ],
        "sourceRef" : 8
      } ]
    }, {
      "instructions" : [ {
        "kind" : "LLVMLoad",
        "typeId" : 3,
        "operands" : [ {
          "kind" : "Instruction",
          "index" : -1
        } ],
        "sourceRef" : 7
      }, {
        "kind" : "LLVMLoad",
        "typeId" : 9,
        "operands" : [ {
          "kind" : "Instruction",
          "index" : -1
        } ],
        "sourceRef" : 7
      }, {
        "kind" : "LLVMInsertValue",
        "typeId" : 21,
        "operands" : [ {
          "kind" : "Global",
          "index" : 25
        }, {
          "kind" : "Instruction",
          "index" : 0
        } ],
        "sourceRef" : 7
      }, {
        "kind" : "LLVMInsertValue",
        "typeId" : 21,
        "operands" : [ {
          "kind" : "Instruction",
          "index" : 2
        }, {
          "kind" : "Instruction",
          "index" : 1
        } ],
        "sourceRef" : 7
      }, {
        "kind" : "LLVMResume",
        "typeId" : 2,
        "operands" : [ {
          "kind" : "Instruction",
          "index" : 3
        } ],
        "sourceRef" : 7
      } ]
    }, {
      "instructions" : [ {
        "kind" : "LLVMLandingPad",
        "typeId" : 21,
        "operands" : [ {
          "kind" : "Global",
          "index" : 26
        } ],
        "sourceRef" : 8
      }, {
        "kind" : "LLVMExtractValue",
        "typeId" : 3,
        "operands" : [ {
          "kind" : "Instruction",
          "index" : 0
        } ],
        "sourceRef" : 8
      }, {
        "kind" : "LLVMCall",
        "typeId" : 2,
        "operands" : [ {
          "kind" : "Instruction",
          "index" : 1
        }, {
          "kind" : "Global",
          "index" : 27
        } ],
        "sourceRef" : 8
      }, {
        "kind" : "LLVMUnreachable",
        "typeId" : 2,
        "sourceRef" : 8
      } ]
    } ],
    "entryBlockIndex" : 0
  }, {
    "ref" : {
      "kind" : "Global",
      "index" : 27
    },
    "blocks" : [ {
      "instructions" : [ {
        "kind" : "LLVMCall",
        "typeId" : 3,
        "operands" : [ {
          "kind" : "Argument",
          "index" : 0
        }, {
          "kind" : "Global",
          "index" : 28
        } ]
      }, {
        "kind" : "LLVMCall",
        "typeId" : 2,
        "operands" : [ {
          "kind" : "Global",
          "index" : 29
        } ]
      }, {
        "kind" : "LLVMUnreachable",
        "typeId" : 2
      } ]
    } ],
    "entryBlockIndex" : 0,
    "params" : [ {
      "kind" : "LLVMArgumentValueKind",
      "typeId" : 3
    } ]
  }, {
    "ref" : {
      "kind" : "Global",
      "index" : 30
    },
    "blocks" : [ {
      "instructions" : [ {
        "kind" : "LLVMAlloca",
        "typeId" : 14,
        "operands" : [ {
          "kind" : "Global",
          "index" : 14
        } ]
      }, {
        "kind" : "LLVMAlloca",
        "typeId" : 8,
        "operands" : [ {
          "kind" : "Global",
          "index" : 14
        } ]
      }, {
        "kind" : "LLVMLoad",
        "typeId" : 15,
        "operands" : [ {
          "kind" : "Global",
          "index" : 18
        } ],
        "sourceRef" : 10
      }, {
        "kind" : "LLVMICmp",
        "typeId" : 11,
        "operands" : [ {
          "kind" : "Instruction",
          "index" : 2
        }, {
          "kind" : "Global",
          "index" : 17
        } ],
        "sourceRef" : 10
      }, {
        "kind" : "LLVMBr",
        "typeId" : 2,
        "operands" : [ {
          "kind" : "Instruction",
          "index" : 3
        }, {
          "kind" : "Block",
          "index" : -1
        }, {
          "kind" : "Block",
          "index" : -1
        } ],
        "sourceRef" : 10
      } ]
    }, {
      "instructions" : [ {
        "kind" : "LLVMInvoke",
        "typeId" : 2,
        "operands" : [ {
          "kind" : "Instruction",
          "index" : -1
        }, {
          "kind" : "Global",
          "index" : 24
        }, {
          "kind" : "Block",
          "index" : -1
        }, {
          "kind" : "Block",
          "index" : -1
        } ],
        "sourceRef" : 10
      } ]
    }, {
      "instructions" : [ {
        "kind" : "LLVMBitCast",
        "typeId" : 3,
        "operands" : [ {
          "kind" : "Instruction",
          "index" : -1
        } ],
        "sourceRef" : 10
      }, {
        "kind" : "LLVMCall",
        "typeId" : 2,
        "operands" : [ {
          "kind" : "Instruction",
          "index" : 0
        }, {
          "kind" : "Global",
          "index" : 11
        } ],
        "sourceRef" : 10
      }, {
        "kind" : "LLVMBr",
        "typeId" : 2,
        "operands" : [ {
          "kind" : "Block",
          "index" : -1
        } ],
        "sourceRef" : 10
      } ]
    }, {
      "instructions" : [ {
        "kind" : "LLVMLoad",
        "typeId" : 15,
        "operands" : [ {
          "kind" : "Global",
          "index" : 22
        } ],
        "sourceRef" : 11
      }, {
        "kind" : "LLVMICmp",
        "typeId" : 11,
        "operands" : [ {
          "kind" : "Instruction",
          "index" : 0
        }, {
          "kind" : "Global",
          "index" : 17
        } ],
        "sourceRef" : 11
      }, {
        "kind" : "LLVMBr",
        "typeId" : 2,
        "operands" : [ {
          "kind" : "Instruction",
          "index" : 1
        }, {
          "kind" : "Block",
          "index" : -1
        }, {
          "kind" : "Block",
          "index" : -1
        } ],
        "sourceRef" : 11
      } ]
    }, {
      "instructions" : [ {
        "kind" : "LLVMBitCast",
        "typeId" : 3,
        "operands" : [ {
          "kind" : "Instruction",
          "index" : -1
        } ],
        "sourceRef" : 11
      }, {
        "kind" : "LLVMGetElementPtr",
        "typeId" : 3,
        "operands" : [ {
          "kind" : "Instruction",
          "index" : 0
        }, {
          "kind" : "Global",
          "index" : 31
        } ],
        "sourceRef" : 11
      }, {
        "kind" : "LLVMBitCast",
        "typeId" : 20,
        "operands" : [ {
          "kind" : "Instruction",
          "index" : 1
        } ],
        "sourceRef" : 11
      }, {
        "kind" : "LLVMLoad",
        "typeId" : 5,
        "operands" : [ {
          "kind" : "Instruction",
          "index" : 2
        } ],
        "sourceRef" : 11
      }, {
        "kind" : "LLVMGetElementPtr",
        "typeId" : 15,
        "operands" : [ {
          "kind" : "Instruction",
          "index" : -1
        }, {
          "kind" : "Instruction",
          "index" : 3
        } ],
        "sourceRef" : 11
      }, {
        "kind" : "LLVMICmp",
        "typeId" : 11,
        "operands" : [ {
          "kind" : "Instruction",
          "index" : -1
        }, {
          "kind" : "Instruction",
          "index" : 4
        } ],
        "sourceRef" : 11
      }, {
        "kind" : "LLVMBr",
        "typeId" : 2,
        "operands" : [ {
          "kind" : "Instruction",
          "index" : 5
        }, {
          "kind" : "Block",
          "index" : -1
        }, {
          "kind" : "Block",
          "index" : -1
        } ],
        "sourceRef" : 11
      } ]
    }, {
      "instructions" : [ {
        "kind" : "LLVMPHI",
        "typeId" : 15,
        "operands" : [ {
          "kind" : "Instruction",
          "index" : -1
        }, {
          "kind" : "Instruction",
          "index" : -1
        } ],
        "sourceRef" : 11
      }, {
        "kind" : "LLVMGetElementPtr",
        "typeId" : 15,
        "operands" : [ {
          "kind" : "Instruction",
          "index" : 0
        }, {
          "kind" : "Global",
          "index" : 23
        } ],
        "sourceRef" : 11
      }, {
        "kind" : "LLVMInvoke",
        "typeId" : 2,
        "operands" : [ {
          "kind" : "Instruction",
          "index" : 1
        }, {
          "kind" : "Global",
          "index" : 24
        }, {
          "kind" : "Block",
          "index" : -1
        }, {
          "kind" : "Block",
          "index" : -1
        } ],
        "sourceRef" : 11
      } ]
    }, {
      "instructions" : [ {
        "kind" : "LLVMICmp",
        "typeId" : 11,
        "operands" : [ {
          "kind" : "Instruction",
          "index" : -1
        }, {
          "kind" : "Instruction",
          "index" : -1
        } ],
        "sourceRef" : 11
      }, {
        "kind" : "LLVMBr",
        "typeId" : 2,
        "operands" : [ {
          "kind" : "Instruction",
          "index" : 0
        }, {
          "kind" : "Block",
          "index" : 5
        }, {
          "kind" : "Block",
          "index" : -1
        } ],
        "sourceRef" : 11
      } ]
    }, {
      "instructions" : [ {
        "kind" : "LLVMCall",
        "typeId" : 2,
        "operands" : [ {
          "kind" : "Instruction",
          "index" : -1
        }, {
          "kind" : "Global",
          "index" : 12
        } ],
        "sourceRef" : 11
      }, {
        "kind" : "LLVMBr",
        "typeId" : 2,
        "operands" : [ {
          "kind" : "Block",
          "index" : -1
        } ],
        "sourceRef" : 11
      } ]
    }, {
      "instructions" : [ {
        "kind" : "LLVMRet",
        "typeId" : 2,
        "sourceRef" : 12
      } ]
    }, {
      "instructions" : [ {
        "kind" : "LLVMLandingPad",
        "typeId" : 21,
        "sourceRef" : 12
      }, {
        "kind" : "LLVMExtractValue",
        "typeId" : 3,
        "operands" : [ {
          "kind" : "Instruction",
          "index" : 0
        } ],
        "sourceRef" : 12
      }, {
        "kind" : "LLVMStore",
        "typeId" : 2,
        "operands" : [ {
          "kind" : "Instruction",
          "index" : 1
        }, {
          "kind" : "Instruction",
          "index" : -1
        } ],
        "sourceRef" : 12
      }, {
        "kind" : "LLVMExtractValue",
        "typeId" : 9,
        "operands" : [ {
          "kind" : "Instruction",
          "index" : 0
        } ],
        "sourceRef" : 12
      }, {
        "kind" : "LLVMStore",
        "typeId" : 2,
        "operands" : [ {
          "kind" : "Instruction",
          "index" : 3
        }, {
          "kind" : "Instruction",
          "index" : -1
        } ],
        "sourceRef" : 12
      }, {
        "kind" : "LLVMBitCast",
        "typeId" : 3,
        "operands" : [ {
          "kind" : "Instruction",
          "index" : -1
        } ],
        "sourceRef" : 10
      }, {
        "kind" : "LLVMCall",
        "typeId" : 2,
        "operands" : [ {
          "kind" : "Instruction",
          "index" : 5
        }, {
          "kind" : "Global",
          "index" : 11
        } ],
        "sourceRef" : 10
      }, {
        "kind" : "LLVMBr",
        "typeId" : 2,
        "operands" : [ {
          "kind" : "Block",
          "index" : -1
        } ],
        "sourceRef" : 10
      } ]
    }, {
      "instructions" : [ {
        "kind" : "LLVMLandingPad",
        "typeId" : 21,
        "sourceRef" : 12
      }, {
        "kind" : "LLVMExtractValue",
        "typeId" : 3,
        "operands" : [ {
          "kind" : "Instruction",
          "index" : 0
        } ],
        "sourceRef" : 12
      }, {
        "kind" : "LLVMStore",
        "typeId" : 2,
        "operands" : [ {
          "kind" : "Instruction",
          "index" : 1
        }, {
          "kind" : "Instruction",
          "index" : -1
        } ],
        "sourceRef" : 12
      }, {
        "kind" : "LLVMExtractValue",
        "typeId" : 9,
        "operands" : [ {
          "kind" : "Instruction",
          "index" : 0
        } ],
        "sourceRef" : 12
      }, {
        "kind" : "LLVMStore",
        "typeId" : 2,
        "operands" : [ {
          "kind" : "Instruction",
          "index" : 3
        }, {
          "kind" : "Instruction",
          "index" : -1
        } ],
        "sourceRef" : 12
      }, {
        "kind" : "LLVMICmp",
        "typeId" : 11,
        "operands" : [ {
          "kind" : "Instruction",
          "index" : -1
        }, {
          "kind" : "Instruction",
          "index" : -1
        } ],
        "sourceRef" : 11
      }, {
        "kind" : "LLVMBr",
        "typeId" : 2,
        "operands" : [ {
          "kind" : "Instruction",
          "index" : 5
        }, {
          "kind" : "Block",
          "index" : -1
        }, {
          "kind" : "Block",
          "index" : -1
        } ],
        "sourceRef" : 11
      } ]
    }, {
      "instructions" : [ {
        "kind" : "LLVMPHI",
        "typeId" : 15,
        "operands" : [ {
          "kind" : "Instruction",
          "index" : -1
        }, {
          "kind" : "Instruction",
          "index" : -1
        } ],
        "sourceRef" : 11
      }, {
        "kind" : "LLVMGetElementPtr",
        "typeId" : 15,
        "operands" : [ {
          "kind" : "Instruction",
          "index" : 0
        }, {
          "kind" : "Global",
          "index" : 23
        } ],
        "sourceRef" : 11
      }, {
        "kind" : "LLVMInvoke",
        "typeId" : 2,
        "operands" : [ {
          "kind" : "Instruction",
          "index" : 1
        }, {
          "kind" : "Global",
          "index" : 24
        }, {
          "kind" : "Block",
          "index" : -1
        }, {
          "kind" : "Block",
          "index" : -1
        } ],
        "sourceRef" : 11
      } ]
    }, {
      "instructions" : [ {
        "kind" : "LLVMICmp",
        "typeId" : 11,
        "operands" : [ {
          "kind" : "Instruction",
          "index" : -1
        }, {
          "kind" : "Instruction",
          "index" : -1
        } ],
        "sourceRef" : 11
      }, {
        "kind" : "LLVMBr",
        "typeId" : 2,
        "operands" : [ {
          "kind" : "Instruction",
          "index" : 0
        }, {
          "kind" : "Block",
          "index" : 11
        }, {
          "kind" : "Block",
          "index" : -1
        } ],
        "sourceRef" : 11
      } ]
    }, {
      "instructions" : [ {
        "kind" : "LLVMCall",
        "typeId" : 2,
        "operands" : [ {
          "kind" : "Instruction",
          "index" : -1
        }, {
          "kind" : "Global",
          "index" : 12
        } ],
        "sourceRef" : 11
      }, {
        "kind" : "LLVMBr",
        "typeId" : 2,
        "operands" : [ {
          "kind" : "Block",
          "index" : -1
        } ],
        "sourceRef" : 11
      } ]
    }, {
      "instructions" : [ {
        "kind" : "LLVMLoad",
        "typeId" : 3,
        "operands" : [ {
          "kind" : "Instruction",
          "index" : -1
        } ],
        "sourceRef" : 10
      }, {
        "kind" : "LLVMLoad",
        "typeId" : 9,
        "operands" : [ {
          "kind" : "Instruction",
          "index" : -1
        } ],
        "sourceRef" : 10
      }, {
        "kind" : "LLVMInsertValue",
        "typeId" : 21,
        "operands" : [ {
          "kind" : "Global",
          "index" : 25
        }, {
          "kind" : "Instruction",
          "index" : 0
        } ],
        "sourceRef" : 10
      }, {
        "kind" : "LLVMInsertValue",
        "typeId" : 21,
        "operands" : [ {
          "kind" : "Instruction",
          "index" : 2
        }, {
          "kind" : "Instruction",
          "index" : 1
        } ],
        "sourceRef" : 10
      }, {
        "kind" : "LLVMResume",
        "typeId" : 2,
        "operands" : [ {
          "kind" : "Instruction",
          "index" : 3
        } ],
        "sourceRef" : 10
      } ]
    }, {
      "instructions" : [ {
        "kind" : "LLVMLandingPad",
        "typeId" : 21,
        "operands" : [ {
          "kind" : "Global",
          "index" : 26
        } ],
        "sourceRef" : 11
      }, {
        "kind" : "LLVMExtractValue",
        "typeId" : 3,
        "operands" : [ {
          "kind" : "Instruction",
          "index" : 0
        } ],
        "sourceRef" : 11
      }, {
        "kind" : "LLVMCall",
        "typeId" : 2,
        "operands" : [ {
          "kind" : "Instruction",
          "index" : 1
        }, {
          "kind" : "Global",
          "index" : 27
        } ],
        "sourceRef" : 11
      }, {
        "kind" : "LLVMUnreachable",
        "typeId" : 2,
        "sourceRef" : 11
      } ]
    } ],
    "entryBlockIndex" : 0
  } ],
  "types" : [ {
    "kind" : "LLVMPointerTypeKind",
    "types" : [ 1 ]
  }, {
    "kind" : "LLVMFunctionTypeKind",
    "types" : [ 2 ]
  }, {
    "kind" : "LLVMVoidTypeKind"
  }, {
    "kind" : "LLVMPointerTypeKind",
    "types" : [ 4 ]
  }, {
    "kind" : "LLVMIntegerTypeKind",
    "len" : 8
  }, {
    "kind" : "LLVMIntegerTypeKind",
    "len" : 64
  }, {
    "kind" : "LLVMPointerTypeKind",
    "types" : [ 7 ]
  }, {
    "kind" : "LLVMFunctionTypeKind",
    "types" : [ 3, 5 ]
  }, {
    "kind" : "LLVMPointerTypeKind",
    "types" : [ 9 ]
  }, {
    "kind" : "LLVMIntegerTypeKind",
    "len" : 32
  }, {
    "kind" : "LLVMPointerTypeKind",
    "types" : [ 8 ]
  }, {
    "kind" : "LLVMIntegerTypeKind",
    "len" : 1
  }, {
    "kind" : "LLVMPointerTypeKind",
    "types" : [ 13 ]
  }, {
    "kind" : "LLVMFunctionTypeKind",
    "types" : [ 2, 3 ]
  }, {
    "kind" : "LLVMPointerTypeKind",
    "types" : [ 3 ]
  }, {
    "kind" : "LLVMPointerTypeKind",
    "types" : [ 16 ]
  }, {
    "kind" : "LLVMStructTypeKind",
    "name" : "struct.Foo",
    "types" : [ 4 ]
  }, {
    "kind" : "LLVMPointerTypeKind",
    "types" : [ 18 ]
  }, {
    "kind" : "LLVMFunctionTypeKind",
    "types" : [ 2, 15 ]
  }, {
    "kind" : "LLVMPointerTypeKind",
    "types" : [ 15 ]
  }, {
    "kind" : "LLVMPointerTypeKind",
    "types" : [ 5 ]
  }, {
    "kind" : "LLVMStructTypeKind",
    "types" : [ 3, 9 ]
  }, {
    "kind" : "LLVMPointerTypeKind",
    "types" : [ 23 ]
  }, {
    "kind" : "LLVMFunctionTypeKind",
    "types" : [ 3, 3 ]
  } ],
  "globals" : [ {
    "kind" : "LLVMFunctionValueKind",
    "name" : "_ZL7testNewv",
    "typeId" : 0
  }, {
    "kind" : "LLVMConstantIntValueKind",
    "typeId" : 5,
    "intValue" : 4
  }, {
    "kind" : "LLVMFunctionValueKind",
    "name" : "_Znwm",
    "typeId" : 6
  }, {
    "kind" : "LLVMConstantPointerNullValueKind",
    "typeId" : 8
  }, {
    "kind" : "LLVMGlobalVariableValueKind",
    "name" : "P",
    "typeId" : 10,
    "operands" : [ {
      "kind" : "Global",
      "index" : 3
    } ]
  }, {
    "kind" : "LLVMConstantIntValueKind",
    "typeId" : 5,
    "intValue" : 20
  }, {
    "kind" : "LLVMFunctionValueKind",
    "name" : "_Znam",
    "typeId" : 6
  }, {
    "kind" : "LLVMGlobalVariableValueKind",
    "name" : "P2",
    "typeId" : 10,
    "operands" : [ {
      "kind" : "Global",
      "index" : 3
    } ]
  }, {
    "kind" : "LLVMConstantIntValueKind",
    "typeId" : 9,
    "intValue" : 5
  }, {
    "kind" : "LLVMGlobalVariableValueKind",
    "name" : "P3",
    "typeId" : 10,
    "operands" : [ {
      "kind" : "Global",
      "index" : 3
    } ]
  }, {
    "kind" : "LLVMFunctionValueKind",
    "name" : "_ZL10testDeletev",
    "typeId" : 0
  }, {
    "kind" : "LLVMFunctionValueKind",
    "name" : "_ZdlPv",
    "typeId" : 12
  }, {
    "kind" : "LLVMFunctionValueKind",
    "name" : "_ZdaPv",
    "typeId" : 12
  }, {
    "kind" : "LLVMFunctionValueKind",
    "name" : "_ZL13testNewStructv",
    "typeId" : 0
  }, {
    "kind" : "LLVMConstantIntValueKind",
    "typeId" : 9,
    "intValue" : 1
  }, {
    "kind" : "LLVMConstantIntValueKind",
    "typeId" : 5,
    "intValue" : 1
  }, {
    "kind" : "LLVMFunctionValueKind",
    "name" : "_ZN3FooC1Ev",
    "typeId" : 17
  }, {
    "kind" : "LLVMConstantPointerNullValueKind",
    "typeId" : 15
  }, {
    "kind" : "LLVMGlobalVariableValueKind",
    "name" : "PSTRUCT",
    "typeId" : 19,
    "operands" : [ {
      "kind" : "Global",
      "index" : 17
    } ]
  }, {
    "kind" : "LLVMConstantIntValueKind",
    "typeId" : 5,
    "intValue" : 13
  }, {
    "kind" : "LLVMConstantIntValueKind",
    "typeId" : 5,
    "intValue" : 5
  }, {
    "kind" : "LLVMConstantIntValueKind",
    "typeId" : 5,
    "intValue" : 8
  }, {
    "kind" : "LLVMGlobalVariableValueKind",
    "name" : "PSTRUCT2",
    "typeId" : 19,
    "operands" : [ {
      "kind" : "Global",
      "index" : 17
    } ]
  }, {
    "kind" : "LLVMConstantIntValueKind",
    "typeId" : 5,
    "intValue" : -1
  }, {
    "kind" : "LLVMFunctionValueKind",
    "name" : "_ZN3FooD1Ev",
    "typeId" : 17
  }, {
    "kind" : "LLVMUndefValueValueKind",
    "typeId" : 21
  }, {
    "kind" : "LLVMConstantPointerNullValueKind",
    "typeId" : 3
  }, {
    "kind" : "LLVMFunctionValueKind",
    "name" : "__clang_call_terminate",
    "typeId" : 12
  }, {
    "kind" : "LLVMFunctionValueKind",
    "name" : "__cxa_begin_catch",
    "typeId" : 22
  }, {
    "kind" : "LLVMFunctionValueKind",
    "name" : "_ZSt9terminatev",
    "typeId" : 0
  }, {
    "kind" : "LLVMFunctionValueKind",
    "name" : "_ZL16testDeleteStructv",
    "typeId" : 0
  }, {
    "kind" : "LLVMConstantIntValueKind",
    "typeId" : 5,
    "intValue" : -8
  } ],
  "sourceRefs" : [ {
    "file" : "parser/memory.cpp",
    "line" : 4
  }, {
    "file" : "parser/memory.cpp",
    "line" : 5
  }, {
    "file" : "parser/memory.cpp",
    "line" : 6
  }, {
    "file" : "parser/memory.cpp",
    "line" : 7
  }, {
    "file" : "parser/memory.cpp",
    "line" : 10
  }, {
    "file" : "parser/memory.cpp",
    "line" : 11
  }, {
    "file" : "parser/memory.cpp",
    "line" : 12
  }, {
    "file" : "parser/memory.cpp",
    "line" : 20
  }, {
    "file" : "parser/memory.cpp",
    "line" : 21
  }, {
    "file" : "parser/memory.cpp",
    "line" : 22
  }, {
    "file" : "parser/memory.cpp",
    "line" : 25
  }, {
    "file" : "parser/memory.cpp",
    "line" : 26
  }, {
    "file" : "parser/memory.cpp",
    "line" : 27
  } ]
}