{
  "functions" : [ {
    "ref" : {
      "kind" : "Global",
      "index" : 0
    },
    "blocks" : [ {
      "instructions" : [ {
        "kind" : "LLVMAlloca",
        "typeId" : 3,
        "operands" : [ {
          "kind" : "Global",
          "index" : 1
        } ]
      }, {
        "kind" : "LLVMLoad",
        "typeId" : 2,
        "operands" : [ {
          "kind" : "Instruction",
          "blockIndex" : 0,
          "index" : 0
        } ],
        "sourceRef" : 0
      }, {
        "kind" : "LLVMBr",
        "typeId" : 4,
        "operands" : [ {
          "kind" : "Block",
          "index" : 1
        } ],
        "sourceRef" : 0
      } ]
    }, {
      "instructions" : [ {
        "kind" : "LLVMRet",
        "typeId" : 4,
        "operands" : [ {
          "kind" : "Instruction",
          "blockIndex" : 0,
          "index" : 1
        } ],
        "sourceRef" : 1
      } ]
    } ],
    "entryBlockIndex" : 0
  }, {
    "ref" : {
      "kind" : "Global",
      "index" : 2
    },
    "blocks" : [ {
      "instructions" : [ {
        "kind" : "LLVMRet",
        "typeId" : 4,
        "operands" : [ {
          "kind" : "Global",
          "index" : 3
        } ],
        "sourceRef" : 2
      } ]
    } ],
    "entryBlockIndex" : 0
  }, {
    "ref" : {
      "kind" : "Global",
      "index" : 4
    },
    "blocks" : [ {
      "instructions" : [ {
        "kind" : "LLVMAlloca",
        "typeId" : 9,
        "operands" : [ {
          "kind" : "Global",
          "index" : 1
        } ]
      }, {
        "kind" : "LLVMAlloca",
        "typeId" : 3,
        "operands" : [ {
          "kind" : "Global",
          "index" : 1
        } ]
      }, {
        "kind" : "LLVMAlloca",
        "typeId" : 13,
        "operands" : [ {
          "kind" : "Global",
          "index" : 1
        } ]
      }, {
        "kind" : "LLVMStore",
        "typeId" : 4,
        "operands" : [ {
          "kind" : "Argument",
          "index" : 0
        }, {
          "kind" : "Instruction",
          "blockIndex" : 0,
          "index" : 2
        } ]
      }, {
        "kind" : "LLVMCall",
        "typeId" : 4,
        "operands" : [ {
          "kind" : "Global",
          "index" : 5
        }, {
          "kind" : "Global",
          "index" : 6
        }, {
          "kind" : "Global",
          "index" : 7
        }, {
          "kind" : "Global",
          "index" : 8
        } ],
        "sourceRef" : 3
      }, {
        "kind" : "LLVMCall",
        "typeId" : 4,
        "operands" : [ {
          "kind" : "Global",
          "index" : 9
        }, {
          "kind" : "Global",
          "index" : 10
        }, {
          "kind" : "Global",
          "index" : 7
        }, {
          "kind" : "Global",
          "index" : 8
        } ],
        "sourceRef" : 4
      }, {
        "kind" : "LLVMCall",
        "typeId" : 2,
        "operands" : [ {
          "kind" : "Global",
          "index" : 0
        } ],
        "sourceRef" : 4
      }, {
        "kind" : "LLVMStore",
        "typeId" : 4,
        "operands" : [ {
          "kind" : "Instruction",
          "blockIndex" : 0,
          "index" : 6
        }, {
          "kind" : "Instruction",
          "blockIndex" : 0,
          "index" : 1
        } ],
        "sourceRef" : 4
      }, {
        "kind" : "LLVMBr",
        "typeId" : 4,
        "operands" : [ {
          "kind" : "Block",
          "index" : 2
        } ],
        "sourceRef" : 4
      } ]
    }, {
      "instructions" : [ {
        "kind" : "LLVMBitCast",
        "typeId" : 17,
        "operands" : [ {
          "kind" : "Instruction",
          "blockIndex" : 0,
          "index" : 0
        } ],
        "sourceRef" : 5
      }, {
        "kind" : "LLVMLoad",
        "typeId" : 11,
        "operands" : [ {
          "kind" : "Instruction",
          "blockIndex" : 1,
          "index" : 0
        } ],
        "sourceRef" : 5
      }, {
        "kind" : "LLVMGetElementPtr",
        "typeId" : 3,
        "operands" : [ {
          "kind" : "Instruction",
          "blockIndex" : 0,
          "index" : 0
        }, {
          "kind" : "Global",
          "index" : 11
        }, {
          "kind" : "Global",
          "index" : 1
        } ],
        "sourceRef" : 5
      }, {
        "kind" : "LLVMLoad",
        "typeId" : 2,
        "operands" : [ {
          "kind" : "Instruction",
          "blockIndex" : 1,
          "index" : 2
        } ],
        "sourceRef" : 5
      }, {
        "kind" : "LLVMInsertValue",
        "typeId" : 10,
        "operands" : [ {
          "kind" : "Global",
          "index" : 12
        }, {
          "kind" : "Instruction",
          "blockIndex" : 1,
          "index" : 1
        } ],
        "sourceRef" : 5
      }, {
        "kind" : "LLVMInsertValue",
        "typeId" : 10,
        "operands" : [ {
          "kind" : "Instruction",
          "blockIndex" : 1,
          "index" : 4
        }, {
          "kind" : "Instruction",
          "blockIndex" : 1,
          "index" : 3
        } ],
        "sourceRef" : 5
      }, {
        "kind" : "LLVMResume",
        "typeId" : 4,
        "operands" : [ {
          "kind" : "Instruction",
          "blockIndex" : 1,
          "index" : 5
        } ],
        "sourceRef" : 5
      } ]
    }, {
      "instructions" : [ {
        "kind" : "LLVMLoad",
        "typeId" : 3,
        "operands" : [ {
          "kind" : "Instruction",
          "blockIndex" : 0,
          "index" : 2
        } ],
        "sourceRef" : 6
      }, {
        "kind" : "LLVMBitCast",
        "typeId" : 11,
        "operands" : [ {
          "kind" : "Instruction",
          "blockIndex" : 0,
          "index" : 1
        } ],
        "sourceRef" : 6
      }, {
        "kind" : "LLVMBitCast",
        "typeId" : 11,
        "operands" : [ {
          "kind" : "Instruction",
          "blockIndex" : 2,
          "index" : 0
        } ],
        "sourceRef" : 6
      }, {
        "kind" : "LLVMCall",
        "typeId" : 4,
        "operands" : [ {
          "kind" : "Instruction",
          "blockIndex" : 2,
          "index" : 1
        }, {
          "kind" : "Instruction",
          "blockIndex" : 2,
          "index" : 2
        }, {
          "kind" : "Global",
          "index" : 13
        }, {
          "kind" : "Global",
          "index" : 14
        }, {
          "kind" : "Global",
          "index" : 15
        } ],
        "sourceRef" : 6
      }, {
        "kind" : "LLVMBr",
        "typeId" : 4,
        "operands" : [ {
          "kind" : "Block",
          "index" : 3
        } ],
        "sourceRef" : 6
      } ]
    }, {
      "instructions" : [ {
        "kind" : "LLVMLoad",
        "typeId" : 2,
        "operands" : [ {
          "kind" : "Instruction",
          "blockIndex" : 0,
          "index" : 1
        } ],
        "sourceRef" : 7
      }, {
        "kind" : "LLVMRet",
        "typeId" : 4,
        "operands" : [ {
          "kind" : "Instruction",
          "blockIndex" : 3,
          "index" : 0
        } ],
        "sourceRef" : 8
      } ]
    }, {
      "instructions" : [ {
        "kind" : "LLVMBr",
        "typeId" : 4,
        "operands" : [ {
          "kind" : "Block",
          "index" : 1
        } ],
        "sourceRef" : 8
      } ]
    } ],
    "entryBlockIndex" : 0,
    "params" : [ {
      "kind" : "LLVMArgumentValueKind",
      "typeId" : 3
    } ]
  }, {
    "ref" : {
      "kind" : "Global",
      "index" : 16
    },
    "blocks" : [ {
      "instructions" : [ {
        "kind" : "LLVMAlloca",
        "typeId" : 13,
        "operands" : [ {
          "kind" : "Global",
          "index" : 1
        } ]
      }, {
        "kind" : "LLVMCall",
        "typeId" : 4,
        "operands" : [ {
          "kind" : "Global",
          "index" : 17
        }, {
          "kind" : "Global",
          "index" : 18
        }, {
          "kind" : "Global",
          "index" : 7
        }, {
          "kind" : "Global",
          "index" : 8
        } ],
        "sourceRef" : 9
      }, {
        "kind" : "LLVMCall",
        "typeId" : 3,
        "operands" : [ {
          "kind" : "Global",
          "index" : 2
        } ],
        "sourceRef" : 9
      }, {
        "kind" : "LLVMStore",
        "typeId" : 4,
        "operands" : [ {
          "kind" : "Instruction",
          "blockIndex" : 0,
          "index" : 2
        }, {
          "kind" : "Instruction",
          "blockIndex" : 0,
          "index" : 0
        } ],
        "sourceRef" : 9
      }, {
        "kind" : "LLVMBr",
        "typeId" : 4,
        "operands" : [ {
          "kind" : "Block",
          "index" : 1
        } ],
        "sourceRef" : 9
      } ]
    }, {
      "instructions" : [ {
        "kind" : "LLVMLoad",
        "typeId" : 3,
        "operands" : [ {
          "kind" : "Instruction",
          "blockIndex" : 0,
          "index" : 0
        } ],
        "sourceRef" : 10
      }, {
        "kind" : "LLVMCall",
        "typeId" : 2,
        "operands" : [ {
          "kind" : "Instruction",
          "blockIndex" : 1,
          "index" : 0
        }, {
          "kind" : "Global",
          "index" : 4
        } ],
        "sourceRef" : 10
      }, {
        "kind" : "LLVMBr",
        "typeId" : 4,
        "operands" : [ {
          "kind" : "Block",
          "index" : 2
        } ],
        "sourceRef" : 10
      } ]
    }, {
      "instructions" : [ {
        "kind" : "LLVMRet",
        "typeId" : 4,
        "sourceRef" : 11
      } ]
    } ],
    "entryBlockIndex" : 0
  } ],
  "types" : [ {
    "kind" : "LLVMPointerTypeKind",
    "types" : [ 1 ]
  }, {
    "kind" : "LLVMFunctionTypeKind",
    "types" : [ 2 ]
  }, {
    "kind" : "LLVMIntegerTypeKind",
    "len" : 32
  }, {
    "kind" : "LLVMPointerTypeKind",
    "types" : [ 2 ]
  }, {
    "kind" : "LLVMVoidTypeKind"
  }, {
    "kind" : "LLVMPointerTypeKind",
    "types" : [ 6 ]
  }, {
    "kind" : "LLVMFunctionTypeKind",
    "types" : [ 3 ]
  }, {
    "kind" : "LLVMPointerTypeKind",
    "types" : [ 8 ]
  }, {
    "kind" : "LLVMFunctionTypeKind",
    "types" : [ 2, 3 ]
  }, {
    "kind" : "LLVMPointerTypeKind",
    "types" : [ 10 ]
  }, {
    "kind" : "LLVMStructTypeKind",
    "types" : [ 11, 2 ]
  }, {
    "kind" : "LLVMPointerTypeKind",
    "types" : [ 12 ]
  }, {
    "kind" : "LLVMIntegerTypeKind",
    "len" : 8
  }, {
    "kind" : "LLVMPointerTypeKind",
    "types" : [ 3 ]
  }, {
    "kind" : "LLVMMetadataTypeKind"
  }, {
    "kind" : "LLVMPointerTypeKind",
    "types" : [ 16 ]
  }, {
    "kind" : "LLVMFunctionTypeKind",
    "types" : [ 4, 14, 14, 14 ]
  }, {
    "kind" : "LLVMPointerTypeKind",
    "types" : [ 11 ]
  }, {
    "kind" : "LLVMIntegerTypeKind",
    "len" : 64
  }, {
    "kind" : "LLVMIntegerTypeKind",
    "len" : 1
  }, {
    "kind" : "LLVMPointerTypeKind",
    "types" : [ 21 ]
  }, {
    "kind" : "LLVMFunctionTypeKind",
    "types" : [ 4, 11, 11, 18, 19 ]
  }, {
    "kind" : "LLVMPointerTypeKind",
    "types" : [ 23 ]
  }, {
    "kind" : "LLVMFunctionTypeKind",
    "types" : [ 4 ]
  } ],
  "globals" : [ {
    "kind" : "LLVMFunctionValueKind",
    "name" : "_ZN4core3mem13uninitialized17h07b81507faeeecc7E",
    "typeId" : 0
  }, {
    "kind" : "LLVMConstantIntValueKind",
    "typeId" : 2,
    "intValue" : 1
  }, {
    "kind" : "LLVMFunctionValueKind",
    "name" : "_ZN4core3ptr4null17h38a0a0ca60d83a7eE",
    "typeId" : 5
  }, {
    "kind" : "LLVMConstantPointerNullValueKind",
    "typeId" : 3
  }, {
    "kind" : "LLVMFunctionValueKind",
    "name" : "_ZN4core3ptr4read17h13267c3bc725f5a6E",
    "typeId" : 7
  }, {
    "kind" : "LLVMMetadataAsValueValueKind",
    "typeId" : 14
  }, {
    "kind" : "LLVMMetadataAsValueValueKind",
    "typeId" : 14
  }, {
    "kind" : "LLVMMetadataAsValueValueKind",
    "typeId" : 14
  }, {
    "kind" : "LLVMFunctionValueKind",
    "name" : "llvm.dbg.declare",
    "typeId" : 15
  }, {
    "kind" : "LLVMMetadataAsValueValueKind",
    "typeId" : 14
  }, {
    "kind" : "LLVMMetadataAsValueValueKind",
    "typeId" : 14
  }, {
    "kind" : "LLVMConstantIntValueKind",
    "typeId" : 2,
    "intValue" : 0
  }, {
    "kind" : "LLVMUndefValueValueKind",
    "typeId" : 10
  }, {
    "kind" : "LLVMConstantIntValueKind",
    "typeId" : 18,
    "intValue" : 4
  }, {
    "kind" : "LLVMConstantIntValueKind",
    "typeId" : 19,
    "intValue" : 0
  }, {
    "kind" : "LLVMFunctionValueKind",
    "name" : "llvm.memcpy.p0i8.p0i8.i64",
    "typeId" : 20
  }, {
    "kind" : "LLVMFunctionValueKind",
    "name" : "_ZN2np5_test17hb5cd6d81a1b66e09E",
    "typeId" : 22
  }, {
    "kind" : "LLVMMetadataAsValueValueKind",
    "typeId" : 14
  }, {
    "kind" : "LLVMMetadataAsValueValueKind",
    "typeId" : 14
  } ],
  "sourceRefs" : [ {
    "file" : "<rustc-src>/src/libcore/mem.rs",
    "line" : 595
  }, {
    "file" : "<rustc-src>/src/libcore/mem.rs",
    "line" : 596
  }, {
    "file" : "<rustc-src>/src/libcore/ptr.rs",
    "line" : 213
  }, {
    "file" : "<rustc-src>/src/libcore/ptr.rs",
    "line" : 1
  }, {
    "file" : "<rustc-src>/src/libcore/ptr.rs",
    "line" : 578
  }, {
    "file" : "<rustc-src>/src/libcore/ptr.rs",
    "line" : 577
  }, {
    "file" : "<rustc-src>/src/libcore/ptr.rs",
    "line" : 579
  }, {
    "file" : "<rustc-src>/src/libcore/ptr.rs",
    "line" : 580
  }, {
    "file" : "<rustc-src>/src/libcore/ptr.rs",
    "line" : 581
  }, {
    "file" : "parser/np.rs",
    "line" : 4
  }, {
    "file" : "parser/np.rs",
    "line" : 5
  }, {
    "file" : "parser/np.rs",
    "line" : 6
  } ]
}