{
  "functions" : [ {
    "blocks" : [ {
      "instructions" : [ {
        "kind" : "LLVMLoad",
        "operands" : [ {
          "kind" : "LLVMGlobalVariableValueKind"
        } ]
      }, {
        "kind" : "LLVMSwitch",
        "operands" : [ {
          "kind" : "LLVMInstructionValueKind"
        }, {
          "kind" : "LLVMBasicBlockValueKind"
        }, {
          "kind" : "LLVMConstantIntValueKind"
        }, {
          "kind" : "LLVMBasicBlockValueKind"
        }, {
          "kind" : "LLVMConstantIntValueKind"
        }, {
          "kind" : "LLVMBasicBlockValueKind"
        } ]
      } ]
    }, {
      "instructions" : [ {
        "kind" : "LLVMCall",
        "operands" : [ {
          "kind" : "LLVMFunctionValueKind"
        } ]
      }, {
        "kind" : "LLVMBr",
        "operands" : [ {
          "kind" : "LLVMBasicBlockValueKind"
        } ]
      } ]
    }, {
      "instructions" : [ {
        "kind" : "LLVMCall",
        "operands" : [ {
          "kind" : "LLVMFunctionValueKind"
        } ]
      }, {
        "kind" : "LLVMBr",
        "operands" : [ {
          "kind" : "LLVMBasicBlockValueKind"
        } ]
      } ]
    }, {
      "instructions" : [ {
        "kind" : "LLVMCall",
        "operands" : [ {
          "kind" : "LLVMFunctionValueKind"
        } ]
      }, {
        "kind" : "LLVMBr",
        "operands" : [ {
          "kind" : "LLVMBasicBlockValueKind"
        } ]
      } ]
    }, {
      "instructions" : [ {
        "kind" : "LLVMCall",
        "operands" : [ {
          "kind" : "LLVMFunctionValueKind"
        } ]
      }, {
        "kind" : "LLVMRet"
      } ]
    } ],
    "entryBlockIndex" : 0
  }, {
    "blocks" : [ {
      "instructions" : [ {
        "kind" : "LLVMLoad",
        "operands" : [ {
          "kind" : "LLVMGlobalVariableValueKind"
        } ]
      }, {
        "kind" : "LLVMSwitch",
        "operands" : [ {
          "kind" : "LLVMInstructionValueKind"
        }, {
          "kind" : "LLVMBasicBlockValueKind"
        }, {
          "kind" : "LLVMConstantIntValueKind"
        }, {
          "kind" : "LLVMBasicBlockValueKind"
        }, {
          "kind" : "LLVMConstantIntValueKind"
        }, {
          "kind" : "LLVMBasicBlockValueKind"
        } ]
      } ]
    }, {
      "instructions" : [ {
        "kind" : "LLVMCall",
        "operands" : [ {
          "kind" : "LLVMFunctionValueKind"
        } ]
      }, {
        "kind" : "LLVMBr",
        "operands" : [ {
          "kind" : "LLVMBasicBlockValueKind"
        } ]
      } ]
    }, {
      "instructions" : [ {
        "kind" : "LLVMCall",
        "operands" : [ {
          "kind" : "LLVMFunctionValueKind"
        } ]
      }, {
        "kind" : "LLVMBr",
        "operands" : [ {
          "kind" : "LLVMBasicBlockValueKind"
        } ]
      } ]
    }, {
      "instructions" : [ {
        "kind" : "LLVMCall",
        "operands" : [ {
          "kind" : "LLVMFunctionValueKind"
        } ]
      }, {
        "kind" : "LLVMRet"
      } ]
    } ],
    "entryBlockIndex" : 0
  }, {
    "blocks" : [ {
      "instructions" : [ {
        "kind" : "LLVMLoad",
        "operands" : [ {
          "kind" : "LLVMGlobalVariableValueKind"
        } ]
      }, {
        "kind" : "LLVMSwitch",
        "operands" : [ {
          "kind" : "LLVMInstructionValueKind"
        }, {
          "kind" : "LLVMBasicBlockValueKind"
        }, {
          "kind" : "LLVMConstantIntValueKind"
        }, {
          "kind" : "LLVMBasicBlockValueKind"
        }, {
          "kind" : "LLVMConstantIntValueKind"
        }, {
          "kind" : "LLVMBasicBlockValueKind"
        } ]
      } ]
    }, {
      "instructions" : [ {
        "kind" : "LLVMCall",
        "operands" : [ {
          "kind" : "LLVMFunctionValueKind"
        } ]
      }, {
        "kind" : "LLVMBr",
        "operands" : [ {
          "kind" : "LLVMBasicBlockValueKind"
        } ]
      } ]
    }, {
      "instructions" : [ {
        "kind" : "LLVMCall",
        "operands" : [ {
          "kind" : "LLVMFunctionValueKind"
        } ]
      }, {
        "kind" : "LLVMBr",
        "operands" : [ {
          "kind" : "LLVMBasicBlockValueKind"
        } ]
      } ]
    }, {
      "instructions" : [ {
        "kind" : "LLVMCall",
        "operands" : [ {
          "kind" : "LLVMFunctionValueKind"
        } ]
      }, {
        "kind" : "LLVMRet"
      } ]
    } ],
    "entryBlockIndex" : 0
  } ]
}